<html>
  <body>
    <a href="foo" size="5">foo</a>
  </body>
</html>
