<html>
  <body>
    <div>#0: red (even!)</div>
    <div>#1: green</div>
    <div>#2: blue (even!) (end!)</div>
  </body>
</html>
