<html>
  <body>
    no tag
    <p>has tag</p>
    still no tag
  </body>
</html>
