<html>
  <body>
    redgreenblue
  </body>
</html>
