<html>
<div>
  <p>bar</p>
  <p>ning</p>
  <div>
    <p>baz</p>
    <p>wop</p>
  </div>
  <p>bar</p>
  <p>wop</p>
</div>
</html>
