<html>
  <body>
    <h1>some title</h1>
    <ul>
      <li>red</li>
      <li>green</li>
      <li>blue</li>
    </ul>
  </body>
</html>
