<html xmlns:tal="http://xml.zope.org/namespaces/tal">
  <body>
    &lt;p&gt;this is html&lt;/p&gt;
    <p>this is html</p>
  </body>
</html>
