<?xml version="1" encoding="utf-8" ?>
<html>
  <body>this string contains an e-acute: Ã©</body>
</html>

